Component: ARM Compiler 5.06 update 1 (build 61) Tool: armlink [4d35a8]

==============================================================================

Section Cross References

    main.o(i.UART2_IRQHandler) refers to main.o(.data) for k
    main.o(i.analyze_input_data) refers to main.o(.data) for count
    main.o(i.analyze_input_data_v2) refers to main.o(.data) for Port_A_C_byte
    main.o(i.buttons_check) refers to drleqf.o(x$fpl$drleqf) for __aeabi_cdrcmple
    main.o(i.buttons_check) refers to daddsub_clz.o(x$fpl$dsub) for __aeabi_dsub
    main.o(i.buttons_check) refers to dleqf.o(x$fpl$dleqf) for __aeabi_cdcmple
    main.o(i.buttons_check) refers to daddsub_clz.o(x$fpl$dadd) for __aeabi_dadd
    main.o(i.buttons_check) refers to main.o(i.read_temperature) for read_temperature
    main.o(i.buttons_check) refers to main.o(i.send_temperature) for send_temperature
    main.o(i.buttons_check) refers to main.o(.data) for flag_diod
    main.o(i.diods) refers to main.o(i.buttons_check) for buttons_check
    main.o(i.diods) refers to dmul.o(x$fpl$dmul) for __aeabi_dmul
    main.o(i.diods) refers to dflt_clz.o(x$fpl$dflt) for __aeabi_i2d
    main.o(i.diods) refers to dleqf.o(x$fpl$dleqf) for __aeabi_cdcmple
    main.o(i.diods) refers to main.o(.data) for i
    main.o(i.main) refers to main.o(i.CLK_init) for CLK_init
    main.o(i.main) refers to main.o(i.PortA_Unit) for PortA_Unit
    main.o(i.main) refers to main.o(i.PortC_Unit) for PortC_Unit
    main.o(i.main) refers to main.o(i.PortD_Unit) for PortD_Unit
    main.o(i.main) refers to main.o(i.UART2_init) for UART2_init
    main.o(i.main) refers to main.o(i.Sensor_Unit) for Sensor_Unit
    main.o(i.main) refers to main.o(i.send_data) for send_data
    main.o(i.main) refers to main.o(i.analyze_input_data) for analyze_input_data
    main.o(i.main) refers to main.o(i.analyze_input_data_v2) for analyze_input_data_v2
    main.o(i.main) refers to main.o(i.request_temperature) for request_temperature
    main.o(i.main) refers to main.o(i.read_temperature) for read_temperature
    main.o(i.main) refers to main.o(i.send_temperature) for send_temperature
    main.o(i.main) refers to main.o(i.buttons_check) for buttons_check
    main.o(i.main) refers to main.o(i.diods) for diods
    main.o(i.main) refers to main.o(.data) for count
    main.o(i.read_temperature) refers to main.o(.data) for temperature
    main.o(i.request_temperature) refers to main.o(.data) for j
    main.o(i.send_data) refers to main.o(.data) for i
    main.o(i.send_temperature) refers to main.o(.data) for out_b_1
    startup_mdr32f9qx.o(STACK) refers (Special) to heapauxi.o(.text) for __use_two_region_memory
    startup_mdr32f9qx.o(HEAP) refers (Special) to heapauxi.o(.text) for __use_two_region_memory
    startup_mdr32f9qx.o(RESET) refers (Special) to heapauxi.o(.text) for __use_two_region_memory
    startup_mdr32f9qx.o(RESET) refers to startup_mdr32f9qx.o(STACK) for __initial_sp
    startup_mdr32f9qx.o(RESET) refers to startup_mdr32f9qx.o(.text) for Reset_Handler
    startup_mdr32f9qx.o(RESET) refers to main.o(i.UART2_IRQHandler) for UART2_IRQHandler
    startup_mdr32f9qx.o(.text) refers (Special) to heapauxi.o(.text) for __use_two_region_memory
    startup_mdr32f9qx.o(.text) refers to system_mdr32f9qx.o(i.SystemInit) for SystemInit
    startup_mdr32f9qx.o(.text) refers to __main.o(!!!main) for __main
    startup_mdr32f9qx.o(.text) refers to startup_mdr32f9qx.o(HEAP) for Heap_Mem
    startup_mdr32f9qx.o(.text) refers to startup_mdr32f9qx.o(STACK) for Stack_Mem
    system_mdr32f9qx.o(i.SystemCoreClockUpdate) refers to system_mdr32f9qx.o(.data) for SystemCoreClock
    system_mdr32f9qx.o(i.SystemInit) refers to system_mdr32f9qx.o(i.SystemCoreClockUpdate) for SystemCoreClockUpdate
    mdr32f9qx_rst_clk.o(i.RST_CLK_CPU_PLLstatus) refers to mdr32f9qx_rst_clk.o(i.RST_CLK_GetFlagStatus) for RST_CLK_GetFlagStatus
    mdr32f9qx_rst_clk.o(i.RST_CLK_DeInit) refers to mdr32f9qx_rst_clk.o(i.RST_CLK_WarmDeInit) for RST_CLK_WarmDeInit
    mdr32f9qx_rst_clk.o(i.RST_CLK_DeInit) refers to mdr32f9qx_rst_clk.o(i.RST_CLK_PCLKcmd) for RST_CLK_PCLKcmd
    mdr32f9qx_rst_clk.o(i.RST_CLK_HSEstatus) refers to mdr32f9qx_rst_clk.o(i.RST_CLK_GetFlagStatus) for RST_CLK_GetFlagStatus
    mdr32f9qx_rst_clk.o(i.RST_CLK_HSIstatus) refers to mdr32f9qx_rst_clk.o(i.RST_CLK_GetFlagStatus) for RST_CLK_GetFlagStatus
    mdr32f9qx_rst_clk.o(i.RST_CLK_LSEstatus) refers to mdr32f9qx_rst_clk.o(i.RST_CLK_GetFlagStatus) for RST_CLK_GetFlagStatus
    mdr32f9qx_rst_clk.o(i.RST_CLK_LSIstatus) refers to mdr32f9qx_rst_clk.o(i.RST_CLK_GetFlagStatus) for RST_CLK_GetFlagStatus
    mdr32f9qx_rst_clk.o(i.RST_CLK_USB_PLLstatus) refers to mdr32f9qx_rst_clk.o(i.RST_CLK_GetFlagStatus) for RST_CLK_GetFlagStatus
    mdr32f9qx_rst_clk.o(i.RST_CLK_WarmDeInit) refers to mdr32f9qx_rst_clk.o(i.RST_CLK_HSIcmd) for RST_CLK_HSIcmd
    mdr32f9qx_rst_clk.o(i.RST_CLK_WarmDeInit) refers to mdr32f9qx_rst_clk.o(i.RST_CLK_HSIstatus) for RST_CLK_HSIstatus
    mdr32f9qx_rst_clk.o(i.RST_CLK_WarmDeInit) refers to mdr32f9qx_rst_clk.o(i.RST_CLK_CPUclkSelection) for RST_CLK_CPUclkSelection
    mdr32f9qx_uart.o(i.UART_Init) refers to mdr32f9qx_rst_clk.o(i.RST_CLK_GetClocksFreq) for RST_CLK_GetClocksFreq
    mdr32f9qx_uart.o(i.UART_IrDAConfig) refers to mdr32f9qx_rst_clk.o(i.RST_CLK_GetClocksFreq) for RST_CLK_GetClocksFreq
    __main.o(!!!main) refers to __rtentry.o(.ARM.Collect$$rtentry$$00000000) for __rt_entry
    daddsub_clz.o(x$fpl$dadd) refers (Special) to usenofp.o(x$fpl$usenofp) for __I$use$fp
    daddsub_clz.o(x$fpl$dadd) refers to daddsub_clz.o(x$fpl$dsub) for _dsub1
    daddsub_clz.o(x$fpl$dadd) refers to dretinf.o(x$fpl$dretinf) for __fpl_dretinf
    daddsub_clz.o(x$fpl$dadd) refers to dnaninf.o(x$fpl$dnaninf) for __fpl_dnaninf
    daddsub_clz.o(x$fpl$drsb) refers (Special) to usenofp.o(x$fpl$usenofp) for __I$use$fp
    daddsub_clz.o(x$fpl$drsb) refers to daddsub_clz.o(x$fpl$dadd) for _dadd1
    daddsub_clz.o(x$fpl$drsb) refers to daddsub_clz.o(x$fpl$dsub) for _dsub1
    daddsub_clz.o(x$fpl$dsub) refers (Special) to usenofp.o(x$fpl$usenofp) for __I$use$fp
    daddsub_clz.o(x$fpl$dsub) refers to daddsub_clz.o(x$fpl$dadd) for _dadd1
    daddsub_clz.o(x$fpl$dsub) refers to dnaninf.o(x$fpl$dnaninf) for __fpl_dnaninf
    dflt_clz.o(x$fpl$dfltu) refers (Special) to usenofp.o(x$fpl$usenofp) for __I$use$fp
    dflt_clz.o(x$fpl$dflt) refers (Special) to usenofp.o(x$fpl$usenofp) for __I$use$fp
    dflt_clz.o(x$fpl$dfltn) refers (Special) to usenofp.o(x$fpl$usenofp) for __I$use$fp
    dleqf.o(x$fpl$dleqf) refers (Special) to usenofp.o(x$fpl$usenofp) for __I$use$fp
    dleqf.o(x$fpl$dleqf) refers to dnaninf.o(x$fpl$dnaninf) for __fpl_dnaninf
    dleqf.o(x$fpl$dleqf) refers to dcmpi.o(x$fpl$dcmpinf) for __fpl_dcmp_Inf
    dmul.o(x$fpl$dmul) refers (Special) to usenofp.o(x$fpl$usenofp) for __I$use$fp
    dmul.o(x$fpl$dmul) refers to dretinf.o(x$fpl$dretinf) for __fpl_dretinf
    dmul.o(x$fpl$dmul) refers to dnaninf.o(x$fpl$dnaninf) for __fpl_dnaninf
    drleqf.o(x$fpl$drleqf) refers (Special) to usenofp.o(x$fpl$usenofp) for __I$use$fp
    drleqf.o(x$fpl$drleqf) refers to dleqf.o(x$fpl$dleqf) for __fpl_dcmple_InfNaN
    __rtentry.o(.ARM.Collect$$rtentry$$00000000) refers (Special) to __rtentry2.o(.ARM.Collect$$rtentry$$0000000A) for __rt_entry_li
    __rtentry.o(.ARM.Collect$$rtentry$$00000000) refers (Special) to __rtentry2.o(.ARM.Collect$$rtentry$$0000000D) for __rt_entry_main
    __rtentry.o(.ARM.Collect$$rtentry$$00000000) refers (Special) to __rtentry2.o(.ARM.Collect$$rtentry$$0000000C) for __rt_entry_postli_1
    __rtentry.o(.ARM.Collect$$rtentry$$00000000) refers (Special) to __rtentry2.o(.ARM.Collect$$rtentry$$00000009) for __rt_entry_postsh_1
    __rtentry.o(.ARM.Collect$$rtentry$$00000000) refers (Special) to __rtentry2.o(.ARM.Collect$$rtentry$$00000002) for __rt_entry_presh_1
    __rtentry.o(.ARM.Collect$$rtentry$$00000000) refers (Special) to __rtentry4.o(.ARM.Collect$$rtentry$$00000004) for __rt_entry_sh
    dcmpi.o(x$fpl$dcmpinf) refers (Special) to usenofp.o(x$fpl$usenofp) for __I$use$fp
    dnaninf.o(x$fpl$dnaninf) refers (Special) to usenofp.o(x$fpl$usenofp) for __I$use$fp
    dretinf.o(x$fpl$dretinf) refers (Special) to usenofp.o(x$fpl$usenofp) for __I$use$fp
    __rtentry2.o(.ARM.Collect$$rtentry$$00000008) refers to boardinit2.o(.text) for _platform_post_stackheap_init
    __rtentry2.o(.ARM.Collect$$rtentry$$0000000A) refers to libinit.o(.ARM.Collect$$libinit$$00000000) for __rt_lib_init
    __rtentry2.o(.ARM.Collect$$rtentry$$0000000B) refers to boardinit3.o(.text) for _platform_post_lib_init
    __rtentry2.o(.ARM.Collect$$rtentry$$0000000D) refers to main.o(i.main) for main
    __rtentry2.o(.ARM.Collect$$rtentry$$0000000D) refers to exit.o(.text) for exit
    __rtentry2.o(.ARM.exidx) refers to __rtentry2.o(.ARM.Collect$$rtentry$$00000001) for .ARM.Collect$$rtentry$$00000001
    __rtentry2.o(.ARM.exidx) refers to __rtentry2.o(.ARM.Collect$$rtentry$$00000008) for .ARM.Collect$$rtentry$$00000008
    __rtentry2.o(.ARM.exidx) refers to __rtentry2.o(.ARM.Collect$$rtentry$$0000000A) for .ARM.Collect$$rtentry$$0000000A
    __rtentry2.o(.ARM.exidx) refers to __rtentry2.o(.ARM.Collect$$rtentry$$0000000B) for .ARM.Collect$$rtentry$$0000000B
    __rtentry2.o(.ARM.exidx) refers to __rtentry2.o(.ARM.Collect$$rtentry$$0000000D) for .ARM.Collect$$rtentry$$0000000D
    __rtentry4.o(.ARM.Collect$$rtentry$$00000004) refers to sys_stackheap_outer.o(.text) for __user_setup_stackheap
    __rtentry4.o(.ARM.exidx) refers to __rtentry4.o(.ARM.Collect$$rtentry$$00000004) for .ARM.Collect$$rtentry$$00000004
    sys_stackheap_outer.o(.text) refers to libspace.o(.text) for __user_perproc_libspace
    sys_stackheap_outer.o(.text) refers to startup_mdr32f9qx.o(.text) for __user_initial_stackheap
    exit.o(.text) refers to rtexit.o(.ARM.Collect$$rtexit$$00000000) for __rt_exit
    libinit.o(.ARM.Collect$$libinit$$00000000) refers (Special) to libinit2.o(.ARM.Collect$$libinit$$0000002E) for __rt_lib_init_alloca_1
    libinit.o(.ARM.Collect$$libinit$$00000000) refers (Special) to libinit2.o(.ARM.Collect$$libinit$$0000002C) for __rt_lib_init_argv_1
    libinit.o(.ARM.Collect$$libinit$$00000000) refers (Special) to libinit2.o(.ARM.Collect$$libinit$$0000001B) for __rt_lib_init_atexit_1
    libinit.o(.ARM.Collect$$libinit$$00000000) refers (Special) to libinit2.o(.ARM.Collect$$libinit$$00000021) for __rt_lib_init_clock_1
    libinit.o(.ARM.Collect$$libinit$$00000000) refers (Special) to libinit2.o(.ARM.Collect$$libinit$$00000032) for __rt_lib_init_cpp_1
    libinit.o(.ARM.Collect$$libinit$$00000000) refers (Special) to libinit2.o(.ARM.Collect$$libinit$$00000030) for __rt_lib_init_exceptions_1
    libinit.o(.ARM.Collect$$libinit$$00000000) refers (Special) to libinit2.o(.ARM.Collect$$libinit$$00000002) for __rt_lib_init_fp_1
    libinit.o(.ARM.Collect$$libinit$$00000000) refers (Special) to libinit2.o(.ARM.Collect$$libinit$$0000001F) for __rt_lib_init_fp_trap_1
    libinit.o(.ARM.Collect$$libinit$$00000000) refers (Special) to libinit2.o(.ARM.Collect$$libinit$$00000023) for __rt_lib_init_getenv_1
    libinit.o(.ARM.Collect$$libinit$$00000000) refers (Special) to libinit2.o(.ARM.Collect$$libinit$$0000000A) for __rt_lib_init_heap_1
    libinit.o(.ARM.Collect$$libinit$$00000000) refers (Special) to libinit2.o(.ARM.Collect$$libinit$$00000011) for __rt_lib_init_lc_collate_1
    libinit.o(.ARM.Collect$$libinit$$00000000) refers (Special) to libinit2.o(.ARM.Collect$$libinit$$00000013) for __rt_lib_init_lc_ctype_1
    libinit.o(.ARM.Collect$$libinit$$00000000) refers (Special) to libinit2.o(.ARM.Collect$$libinit$$00000015) for __rt_lib_init_lc_monetary_1
    libinit.o(.ARM.Collect$$libinit$$00000000) refers (Special) to libinit2.o(.ARM.Collect$$libinit$$00000017) for __rt_lib_init_lc_numeric_1
    libinit.o(.ARM.Collect$$libinit$$00000000) refers (Special) to libinit2.o(.ARM.Collect$$libinit$$00000019) for __rt_lib_init_lc_time_1
    libinit.o(.ARM.Collect$$libinit$$00000000) refers (Special) to libinit2.o(.ARM.Collect$$libinit$$00000004) for __rt_lib_init_preinit_1
    libinit.o(.ARM.Collect$$libinit$$00000000) refers (Special) to libinit2.o(.ARM.Collect$$libinit$$0000000E) for __rt_lib_init_rand_1
    libinit.o(.ARM.Collect$$libinit$$00000000) refers (Special) to libinit2.o(.ARM.Collect$$libinit$$00000033) for __rt_lib_init_return
    libinit.o(.ARM.Collect$$libinit$$00000000) refers (Special) to libinit2.o(.ARM.Collect$$libinit$$0000001D) for __rt_lib_init_signal_1
    libinit.o(.ARM.Collect$$libinit$$00000000) refers (Special) to libinit2.o(.ARM.Collect$$libinit$$00000025) for __rt_lib_init_stdio_1
    libinit.o(.ARM.Collect$$libinit$$00000000) refers (Special) to libinit2.o(.ARM.Collect$$libinit$$0000000C) for __rt_lib_init_user_alloc_1
    libspace.o(.text) refers to libspace.o(.bss) for __libspace_start
    rtexit.o(.ARM.Collect$$rtexit$$00000000) refers (Special) to rtexit2.o(.ARM.Collect$$rtexit$$00000004) for __rt_exit_exit
    rtexit.o(.ARM.Collect$$rtexit$$00000000) refers (Special) to rtexit2.o(.ARM.Collect$$rtexit$$00000003) for __rt_exit_ls
    rtexit.o(.ARM.Collect$$rtexit$$00000000) refers (Special) to rtexit2.o(.ARM.Collect$$rtexit$$00000002) for __rt_exit_prels_1
    rtexit.o(.ARM.exidx) refers (Special) to rtexit2.o(.ARM.Collect$$rtexit$$00000004) for __rt_exit_exit
    rtexit.o(.ARM.exidx) refers (Special) to rtexit2.o(.ARM.Collect$$rtexit$$00000003) for __rt_exit_ls
    rtexit.o(.ARM.exidx) refers (Special) to rtexit2.o(.ARM.Collect$$rtexit$$00000002) for __rt_exit_prels_1
    rtexit.o(.ARM.exidx) refers to rtexit.o(.ARM.Collect$$rtexit$$00000000) for .ARM.Collect$$rtexit$$00000000
    libinit2.o(.ARM.Collect$$libinit$$00000010) refers to libinit2.o(.ARM.Collect$$libinit$$0000000F) for .ARM.Collect$$libinit$$0000000F
    libinit2.o(.ARM.Collect$$libinit$$00000012) refers to libinit2.o(.ARM.Collect$$libinit$$0000000F) for .ARM.Collect$$libinit$$0000000F
    libinit2.o(.ARM.Collect$$libinit$$00000014) refers to libinit2.o(.ARM.Collect$$libinit$$0000000F) for .ARM.Collect$$libinit$$0000000F
    libinit2.o(.ARM.Collect$$libinit$$00000016) refers to libinit2.o(.ARM.Collect$$libinit$$0000000F) for .ARM.Collect$$libinit$$0000000F
    libinit2.o(.ARM.Collect$$libinit$$00000018) refers to libinit2.o(.ARM.Collect$$libinit$$0000000F) for .ARM.Collect$$libinit$$0000000F
    libinit2.o(.ARM.Collect$$libinit$$00000026) refers to argv_veneer.o(.emb_text) for __ARM_argv_veneer
    libinit2.o(.ARM.Collect$$libinit$$00000027) refers to argv_veneer.o(.emb_text) for __ARM_argv_veneer
    rtexit2.o(.ARM.Collect$$rtexit$$00000003) refers to libshutdown.o(.ARM.Collect$$libshutdown$$00000000) for __rt_lib_shutdown
    rtexit2.o(.ARM.Collect$$rtexit$$00000004) refers to sys_exit.o(.text) for _sys_exit
    rtexit2.o(.ARM.exidx) refers to rtexit2.o(.ARM.Collect$$rtexit$$00000001) for .ARM.Collect$$rtexit$$00000001
    rtexit2.o(.ARM.exidx) refers to rtexit2.o(.ARM.Collect$$rtexit$$00000003) for .ARM.Collect$$rtexit$$00000003
    rtexit2.o(.ARM.exidx) refers to rtexit2.o(.ARM.Collect$$rtexit$$00000004) for .ARM.Collect$$rtexit$$00000004
    argv_veneer.o(.emb_text) refers to no_argv.o(.text) for __ARM_get_argv
    sys_exit.o(.text) refers (Special) to use_no_semi.o(.text) for __I$use$semihosting
    sys_exit.o(.text) refers (Special) to indicate_semi.o(.text) for __semihosting_library_function
    _get_argv_nomalloc.o(.text) refers (Special) to hrguard.o(.text) for __heap_region$guard
    _get_argv_nomalloc.o(.text) refers to defsig_rtmem_outer.o(.text) for __rt_SIGRTMEM
    _get_argv_nomalloc.o(.text) refers to sys_command.o(.text) for _sys_command_string
    libshutdown.o(.ARM.Collect$$libshutdown$$00000000) refers (Special) to libshutdown2.o(.ARM.Collect$$libshutdown$$00000002) for __rt_lib_shutdown_cpp_1
    libshutdown.o(.ARM.Collect$$libshutdown$$00000000) refers (Special) to libshutdown2.o(.ARM.Collect$$libshutdown$$00000007) for __rt_lib_shutdown_fp_trap_1
    libshutdown.o(.ARM.Collect$$libshutdown$$00000000) refers (Special) to libshutdown2.o(.ARM.Collect$$libshutdown$$0000000F) for __rt_lib_shutdown_heap_1
    libshutdown.o(.ARM.Collect$$libshutdown$$00000000) refers (Special) to libshutdown2.o(.ARM.Collect$$libshutdown$$00000010) for __rt_lib_shutdown_return
    libshutdown.o(.ARM.Collect$$libshutdown$$00000000) refers (Special) to libshutdown2.o(.ARM.Collect$$libshutdown$$0000000A) for __rt_lib_shutdown_signal_1
    libshutdown.o(.ARM.Collect$$libshutdown$$00000000) refers (Special) to libshutdown2.o(.ARM.Collect$$libshutdown$$00000004) for __rt_lib_shutdown_stdio_1
    libshutdown.o(.ARM.Collect$$libshutdown$$00000000) refers (Special) to libshutdown2.o(.ARM.Collect$$libshutdown$$0000000C) for __rt_lib_shutdown_user_alloc_1
    sys_command.o(.text) refers (Special) to use_no_semi.o(.text) for __I$use$semihosting
    sys_command.o(.text) refers (Special) to indicate_semi.o(.text) for __semihosting_library_function
    defsig_rtmem_outer.o(.text) refers to defsig_rtmem_inner.o(.text) for __rt_SIGRTMEM_inner
    defsig_rtmem_outer.o(.text) refers to defsig_exit.o(.text) for __sig_exit
    defsig_rtmem_formal.o(.text) refers to rt_raise.o(.text) for __rt_raise
    rt_raise.o(.text) refers to __raise.o(.text) for __raise
    rt_raise.o(.text) refers to sys_exit.o(.text) for _sys_exit
    defsig_exit.o(.text) refers to sys_exit.o(.text) for _sys_exit
    defsig_rtmem_inner.o(.text) refers to defsig_general.o(.text) for __default_signal_display
    __raise.o(.text) refers to defsig.o(CL$$defsig) for __default_signal_handler
    defsig_general.o(.text) refers to sys_wrch.o(.text) for _ttywrch
    sys_wrch.o(.text) refers (Special) to use_no_semi.o(.text) for __I$use$semihosting
    sys_wrch.o(.text) refers (Special) to indicate_semi.o(.text) for __semihosting_library_function
    defsig.o(CL$$defsig) refers to defsig_rtmem_inner.o(.text) for __rt_SIGRTMEM_inner
    defsig_abrt_inner.o(.text) refers to defsig_general.o(.text) for __default_signal_display
    defsig_fpe_inner.o(.text) refers to defsig_general.o(.text) for __default_signal_display
    defsig_rtred_inner.o(.text) refers to defsig_general.o(.text) for __default_signal_display
    defsig_stak_inner.o(.text) refers to defsig_general.o(.text) for __default_signal_display
    defsig_pvfn_inner.o(.text) refers to defsig_general.o(.text) for __default_signal_display
    defsig_cppl_inner.o(.text) refers to defsig_general.o(.text) for __default_signal_display
    defsig_segv_inner.o(.text) refers to defsig_general.o(.text) for __default_signal_display
    defsig_other.o(.text) refers to defsig_general.o(.text) for __default_signal_display


==============================================================================

Removing Unused input sections from the image.

    Removing main.o(.rev16_text), (4 bytes).
    Removing main.o(.revsh_text), (4 bytes).
    Removing system_mdr32f9qx.o(.rev16_text), (4 bytes).
    Removing system_mdr32f9qx.o(.revsh_text), (4 bytes).
    Removing mdr32f9qx_port.o(.rev16_text), (4 bytes).
    Removing mdr32f9qx_port.o(.revsh_text), (4 bytes).
    Removing mdr32f9qx_port.o(i.PORT_DeInit), (20 bytes).
    Removing mdr32f9qx_port.o(i.PORT_Init), (456 bytes).
    Removing mdr32f9qx_port.o(i.PORT_ReadInputData), (6 bytes).
    Removing mdr32f9qx_port.o(i.PORT_ReadInputDataBit), (16 bytes).
    Removing mdr32f9qx_port.o(i.PORT_ResetBits), (28 bytes).
    Removing mdr32f9qx_port.o(i.PORT_SetBits), (28 bytes).
    Removing mdr32f9qx_port.o(i.PORT_StructInit), (28 bytes).
    Removing mdr32f9qx_port.o(i.PORT_Write), (24 bytes).
    Removing mdr32f9qx_port.o(i.PORT_WriteBit), (44 bytes).
    Removing mdr32f9qx_rst_clk.o(.rev16_text), (4 bytes).
    Removing mdr32f9qx_rst_clk.o(.revsh_text), (4 bytes).
    Removing mdr32f9qx_rst_clk.o(i.RST_CLK_ADCclkEnable), (12 bytes).
    Removing mdr32f9qx_rst_clk.o(i.RST_CLK_ADCclkPrescaler), (24 bytes).
    Removing mdr32f9qx_rst_clk.o(i.RST_CLK_ADCclkSelection), (20 bytes).
    Removing mdr32f9qx_rst_clk.o(i.RST_CLK_CPU_PLLcmd), (12 bytes).
    Removing mdr32f9qx_rst_clk.o(i.RST_CLK_CPU_PLLconfig), (64 bytes).
    Removing mdr32f9qx_rst_clk.o(i.RST_CLK_CPU_PLLstatus), (52 bytes).
    Removing mdr32f9qx_rst_clk.o(i.RST_CLK_CPU_PLLuse), (12 bytes).
    Removing mdr32f9qx_rst_clk.o(i.RST_CLK_CPUclkPrescaler), (24 bytes).
    Removing mdr32f9qx_rst_clk.o(i.RST_CLK_CPUclkSelection), (20 bytes).
    Removing mdr32f9qx_rst_clk.o(i.RST_CLK_DeInit), (44 bytes).
    Removing mdr32f9qx_rst_clk.o(i.RST_CLK_GetClocksFreq), (628 bytes).
    Removing mdr32f9qx_rst_clk.o(i.RST_CLK_GetFlagStatus), (52 bytes).
    Removing mdr32f9qx_rst_clk.o(i.RST_CLK_HSEclkPrescaler), (20 bytes).
    Removing mdr32f9qx_rst_clk.o(i.RST_CLK_HSEconfig), (60 bytes).
    Removing mdr32f9qx_rst_clk.o(i.RST_CLK_HSEstatus), (52 bytes).
    Removing mdr32f9qx_rst_clk.o(i.RST_CLK_HSIadjust), (24 bytes).
    Removing mdr32f9qx_rst_clk.o(i.RST_CLK_HSIclkPrescaler), (24 bytes).
    Removing mdr32f9qx_rst_clk.o(i.RST_CLK_HSIcmd), (12 bytes).
    Removing mdr32f9qx_rst_clk.o(i.RST_CLK_HSIstatus), (52 bytes).
    Removing mdr32f9qx_rst_clk.o(i.RST_CLK_LSEconfig), (60 bytes).
    Removing mdr32f9qx_rst_clk.o(i.RST_CLK_LSEstatus), (52 bytes).
    Removing mdr32f9qx_rst_clk.o(i.RST_CLK_LSIadjust), (24 bytes).
    Removing mdr32f9qx_rst_clk.o(i.RST_CLK_LSIcmd), (12 bytes).
    Removing mdr32f9qx_rst_clk.o(i.RST_CLK_LSIstatus), (52 bytes).
    Removing mdr32f9qx_rst_clk.o(i.RST_CLK_PCLKcmd), (32 bytes).
    Removing mdr32f9qx_rst_clk.o(i.RST_CLK_RTC_HSEclkEnable), (12 bytes).
    Removing mdr32f9qx_rst_clk.o(i.RST_CLK_RTC_HSIclkEnable), (12 bytes).
    Removing mdr32f9qx_rst_clk.o(i.RST_CLK_USB_PLLcmd), (12 bytes).
    Removing mdr32f9qx_rst_clk.o(i.RST_CLK_USB_PLLconfig), (64 bytes).
    Removing mdr32f9qx_rst_clk.o(i.RST_CLK_USB_PLLstatus), (52 bytes).
    Removing mdr32f9qx_rst_clk.o(i.RST_CLK_USB_PLLuse), (12 bytes).
    Removing mdr32f9qx_rst_clk.o(i.RST_CLK_USBclkEnable), (12 bytes).
    Removing mdr32f9qx_rst_clk.o(i.RST_CLK_USBclkPrescaler), (12 bytes).
    Removing mdr32f9qx_rst_clk.o(i.RST_CLK_WarmDeInit), (84 bytes).
    Removing mdr32f9qx_uart.o(.rev16_text), (4 bytes).
    Removing mdr32f9qx_uart.o(.revsh_text), (4 bytes).
    Removing mdr32f9qx_uart.o(i.UART_BRGInit), (60 bytes).
    Removing mdr32f9qx_uart.o(i.UART_BreakLine), (24 bytes).
    Removing mdr32f9qx_uart.o(i.UART_ClearITPendingBit), (8 bytes).
    Removing mdr32f9qx_uart.o(i.UART_Cmd), (24 bytes).
    Removing mdr32f9qx_uart.o(i.UART_DMACmd), (24 bytes).
    Removing mdr32f9qx_uart.o(i.UART_DMAConfig), (8 bytes).
    Removing mdr32f9qx_uart.o(i.UART_DeInit), (38 bytes).
    Removing mdr32f9qx_uart.o(i.UART_GetFlagStatus), (16 bytes).
    Removing mdr32f9qx_uart.o(i.UART_GetITStatus), (18 bytes).
    Removing mdr32f9qx_uart.o(i.UART_GetITStatusMasked), (16 bytes).
    Removing mdr32f9qx_uart.o(i.UART_ITConfig), (18 bytes).
    Removing mdr32f9qx_uart.o(i.UART_Init), (176 bytes).
    Removing mdr32f9qx_uart.o(i.UART_IrDACmd), (24 bytes).
    Removing mdr32f9qx_uart.o(i.UART_IrDAConfig), (40 bytes).
    Removing mdr32f9qx_uart.o(i.UART_ReceiveData), (8 bytes).
    Removing mdr32f9qx_uart.o(i.UART_SendData), (6 bytes).
    Removing mdr32f9qx_uart.o(i.UART_StructInit), (24 bytes).

70 unused section(s) (total 2934 bytes) removed from the image.

==============================================================================

Image Symbol Table

    Local Symbols

    Symbol Name                              Value     Ov Type        Size  Object(Section)

    ../clib/angel/boardlib.s                 0x00000000   Number         0  boardinit3.o ABSOLUTE
    ../clib/angel/boardlib.s                 0x00000000   Number         0  boardinit2.o ABSOLUTE
    ../clib/angel/boardlib.s                 0x00000000   Number         0  boardshut.o ABSOLUTE
    ../clib/angel/boardlib.s                 0x00000000   Number         0  boardinit1.o ABSOLUTE
    ../clib/angel/handlers.s                 0x00000000   Number         0  __scatter_copy.o ABSOLUTE
    ../clib/angel/handlers.s                 0x00000000   Number         0  __scatter_zi.o ABSOLUTE
    ../clib/angel/kernel.s                   0x00000000   Number         0  __rtentry.o ABSOLUTE
    ../clib/angel/kernel.s                   0x00000000   Number         0  __rtentry2.o ABSOLUTE
    ../clib/angel/kernel.s                   0x00000000   Number         0  rtexit2.o ABSOLUTE
    ../clib/angel/kernel.s                   0x00000000   Number         0  __rtentry4.o ABSOLUTE
    ../clib/angel/kernel.s                   0x00000000   Number         0  rtexit.o ABSOLUTE
    ../clib/angel/rt.s                       0x00000000   Number         0  rt_raise.o ABSOLUTE
    ../clib/angel/scatter.s                  0x00000000   Number         0  __scatter.o ABSOLUTE
    ../clib/angel/startup.s                  0x00000000   Number         0  __main.o ABSOLUTE
    ../clib/angel/sys.s                      0x00000000   Number         0  indicate_semi.o ABSOLUTE
    ../clib/angel/sys.s                      0x00000000   Number         0  sys_stackheap_outer.o ABSOLUTE
    ../clib/angel/sys.s                      0x00000000   Number         0  use_no_semi.o ABSOLUTE
    ../clib/angel/sys.s                      0x00000000   Number         0  libspace.o ABSOLUTE
    ../clib/angel/sysapp.c                   0x00000000   Number         0  sys_command.o ABSOLUTE
    ../clib/angel/sysapp.c                   0x00000000   Number         0  sys_exit.o ABSOLUTE
    ../clib/angel/sysapp.c                   0x00000000   Number         0  sys_wrch.o ABSOLUTE
    ../clib/armsys.c                         0x00000000   Number         0  no_argv.o ABSOLUTE
    ../clib/armsys.c                         0x00000000   Number         0  argv_veneer.o ABSOLUTE
    ../clib/armsys.c                         0x00000000   Number         0  argv_veneer.o ABSOLUTE
    ../clib/armsys.c                         0x00000000   Number         0  _get_argv_nomalloc.o ABSOLUTE
    ../clib/heapalloc.c                      0x00000000   Number         0  hrguard.o ABSOLUTE
    ../clib/heapaux.c                        0x00000000   Number         0  heapauxi.o ABSOLUTE
    ../clib/libinit.s                        0x00000000   Number         0  libinit.o ABSOLUTE
    ../clib/libinit.s                        0x00000000   Number         0  libshutdown.o ABSOLUTE
    ../clib/libinit.s                        0x00000000   Number         0  libinit2.o ABSOLUTE
    ../clib/libinit.s                        0x00000000   Number         0  libshutdown2.o ABSOLUTE
    ../clib/signal.c                         0x00000000   Number         0  defsig_other.o ABSOLUTE
    ../clib/signal.c                         0x00000000   Number         0  defsig_segv_inner.o ABSOLUTE
    ../clib/signal.c                         0x00000000   Number         0  defsig_cppl_inner.o ABSOLUTE
    ../clib/signal.c                         0x00000000   Number         0  defsig_pvfn_inner.o ABSOLUTE
    ../clib/signal.c                         0x00000000   Number         0  defsig_stak_inner.o ABSOLUTE
    ../clib/signal.c                         0x00000000   Number         0  defsig_rtred_inner.o ABSOLUTE
    ../clib/signal.c                         0x00000000   Number         0  defsig_fpe_inner.o ABSOLUTE
    ../clib/signal.c                         0x00000000   Number         0  defsig_abrt_inner.o ABSOLUTE
    ../clib/signal.c                         0x00000000   Number         0  defsig_rtmem_outer.o ABSOLUTE
    ../clib/signal.c                         0x00000000   Number         0  defsig_rtmem_formal.o ABSOLUTE
    ../clib/signal.c                         0x00000000   Number         0  __raise.o ABSOLUTE
    ../clib/signal.c                         0x00000000   Number         0  defsig_rtmem_inner.o ABSOLUTE
    ../clib/signal.c                         0x00000000   Number         0  defsig_exit.o ABSOLUTE
    ../clib/signal.c                         0x00000000   Number         0  defsig_general.o ABSOLUTE
    ../clib/signal.s                         0x00000000   Number         0  defsig.o ABSOLUTE
    ../clib/stdlib.c                         0x00000000   Number         0  exit.o ABSOLUTE
    ../fplib/daddsub.s                       0x00000000   Number         0  daddsub_clz.o ABSOLUTE
    ../fplib/dcmpi.s                         0x00000000   Number         0  dcmpi.o ABSOLUTE
    ../fplib/dflt.s                          0x00000000   Number         0  dflt_clz.o ABSOLUTE
    ../fplib/dleqf.s                         0x00000000   Number         0  dleqf.o ABSOLUTE
    ../fplib/dmul.s                          0x00000000   Number         0  dmul.o ABSOLUTE
    ../fplib/dnaninf.s                       0x00000000   Number         0  dnaninf.o ABSOLUTE
    ../fplib/dretinf.s                       0x00000000   Number         0  dretinf.o ABSOLUTE
    ../fplib/drleqf.s                        0x00000000   Number         0  drleqf.o ABSOLUTE
    ../fplib/fpinit.s                        0x00000000   Number         0  fpinit.o ABSOLUTE
    ../fplib/usenofp.s                       0x00000000   Number         0  usenofp.o ABSOLUTE
    C:\Keil_v5\ARM\PACK\Keil\MDR1986BExx\1.4\Libraries\MDR32F9Qx_StdPeriph_Driver\src\MDR32F9Qx_port.c 0x00000000   Number         0  mdr32f9qx_port.o ABSOLUTE
    C:\Keil_v5\ARM\PACK\Keil\MDR1986BExx\1.4\Libraries\MDR32F9Qx_StdPeriph_Driver\src\MDR32F9Qx_rst_clk.c 0x00000000   Number         0  mdr32f9qx_rst_clk.o ABSOLUTE
    C:\Keil_v5\ARM\PACK\Keil\MDR1986BExx\1.4\Libraries\MDR32F9Qx_StdPeriph_Driver\src\MDR32F9Qx_uart.c 0x00000000   Number         0  mdr32f9qx_uart.o ABSOLUTE
    C:\\Keil_v5\\ARM\\PACK\\Keil\\MDR1986BExx\\1.4\\Libraries\\MDR32F9Qx_StdPeriph_Driver\\src\\MDR32F9Qx_port.c 0x00000000   Number         0  mdr32f9qx_port.o ABSOLUTE
    C:\\Keil_v5\\ARM\\PACK\\Keil\\MDR1986BExx\\1.4\\Libraries\\MDR32F9Qx_StdPeriph_Driver\\src\\MDR32F9Qx_rst_clk.c 0x00000000   Number         0  mdr32f9qx_rst_clk.o ABSOLUTE
    C:\\Keil_v5\\ARM\\PACK\\Keil\\MDR1986BExx\\1.4\\Libraries\\MDR32F9Qx_StdPeriph_Driver\\src\\MDR32F9Qx_uart.c 0x00000000   Number         0  mdr32f9qx_uart.o ABSOLUTE
    RTE\Device\MDR1986BE91\startup_MDR32F9Qx.s 0x00000000   Number         0  startup_mdr32f9qx.o ABSOLUTE
    RTE\Device\MDR1986BE91\system_MDR32F9Qx.c 0x00000000   Number         0  system_mdr32f9qx.o ABSOLUTE
    RTE\\Device\\MDR1986BE91\\system_MDR32F9Qx.c 0x00000000   Number         0  system_mdr32f9qx.o ABSOLUTE
    dc.s                                     0x00000000   Number         0  dc.o ABSOLUTE
    main.c                                   0x00000000   Number         0  main.o ABSOLUTE
    main.c                                   0x00000000   Number         0  main.o ABSOLUTE
    RESET                                    0x08000000   Section      192  startup_mdr32f9qx.o(RESET)
    !!!main                                  0x080000c0   Section        8  __main.o(!!!main)
    !!!scatter                               0x080000c8   Section       52  __scatter.o(!!!scatter)
    !!handler_copy                           0x080000fc   Section       26  __scatter_copy.o(!!handler_copy)
    !!handler_zi                             0x08000118   Section       28  __scatter_zi.o(!!handler_zi)
    .ARM.Collect$$libinit$$00000000          0x08000134   Section        2  libinit.o(.ARM.Collect$$libinit$$00000000)
    .ARM.Collect$$libinit$$00000002          0x08000136   Section        0  libinit2.o(.ARM.Collect$$libinit$$00000002)
    .ARM.Collect$$libinit$$00000004          0x08000136   Section        0  libinit2.o(.ARM.Collect$$libinit$$00000004)
    .ARM.Collect$$libinit$$0000000A          0x08000136   Section        0  libinit2.o(.ARM.Collect$$libinit$$0000000A)
    .ARM.Collect$$libinit$$0000000C          0x08000136   Section        0  libinit2.o(.ARM.Collect$$libinit$$0000000C)
    .ARM.Collect$$libinit$$0000000E          0x08000136   Section        0  libinit2.o(.ARM.Collect$$libinit$$0000000E)
    .ARM.Collect$$libinit$$00000011          0x08000136   Section        0  libinit2.o(.ARM.Collect$$libinit$$00000011)
    .ARM.Collect$$libinit$$00000013          0x08000136   Section        0  libinit2.o(.ARM.Collect$$libinit$$00000013)
    .ARM.Collect$$libinit$$00000015          0x08000136   Section        0  libinit2.o(.ARM.Collect$$libinit$$00000015)
    .ARM.Collect$$libinit$$00000017          0x08000136   Section        0  libinit2.o(.ARM.Collect$$libinit$$00000017)
    .ARM.Collect$$libinit$$00000019          0x08000136   Section        0  libinit2.o(.ARM.Collect$$libinit$$00000019)
    .ARM.Collect$$libinit$$0000001B          0x08000136   Section        0  libinit2.o(.ARM.Collect$$libinit$$0000001B)
    .ARM.Collect$$libinit$$0000001D          0x08000136   Section        0  libinit2.o(.ARM.Collect$$libinit$$0000001D)
    .ARM.Collect$$libinit$$0000001F          0x08000136   Section        0  libinit2.o(.ARM.Collect$$libinit$$0000001F)
    .ARM.Collect$$libinit$$00000021          0x08000136   Section        0  libinit2.o(.ARM.Collect$$libinit$$00000021)
    .ARM.Collect$$libinit$$00000023          0x08000136   Section        0  libinit2.o(.ARM.Collect$$libinit$$00000023)
    .ARM.Collect$$libinit$$00000025          0x08000136   Section        0  libinit2.o(.ARM.Collect$$libinit$$00000025)
    .ARM.Collect$$libinit$$0000002C          0x08000136   Section        0  libinit2.o(.ARM.Collect$$libinit$$0000002C)
    .ARM.Collect$$libinit$$0000002E          0x08000136   Section        0  libinit2.o(.ARM.Collect$$libinit$$0000002E)
    .ARM.Collect$$libinit$$00000030          0x08000136   Section        0  libinit2.o(.ARM.Collect$$libinit$$00000030)
    .ARM.Collect$$libinit$$00000032          0x08000136   Section        0  libinit2.o(.ARM.Collect$$libinit$$00000032)
    .ARM.Collect$$libinit$$00000033          0x08000136   Section        2  libinit2.o(.ARM.Collect$$libinit$$00000033)
    .ARM.Collect$$libshutdown$$00000000      0x08000138   Section        2  libshutdown.o(.ARM.Collect$$libshutdown$$00000000)
    .ARM.Collect$$libshutdown$$00000002      0x0800013a   Section        0  libshutdown2.o(.ARM.Collect$$libshutdown$$00000002)
    .ARM.Collect$$libshutdown$$00000004      0x0800013a   Section        0  libshutdown2.o(.ARM.Collect$$libshutdown$$00000004)
    .ARM.Collect$$libshutdown$$00000007      0x0800013a   Section        0  libshutdown2.o(.ARM.Collect$$libshutdown$$00000007)
    .ARM.Collect$$libshutdown$$0000000A      0x0800013a   Section        0  libshutdown2.o(.ARM.Collect$$libshutdown$$0000000A)
    .ARM.Collect$$libshutdown$$0000000C      0x0800013a   Section        0  libshutdown2.o(.ARM.Collect$$libshutdown$$0000000C)
    .ARM.Collect$$libshutdown$$0000000F      0x0800013a   Section        0  libshutdown2.o(.ARM.Collect$$libshutdown$$0000000F)
    .ARM.Collect$$libshutdown$$00000010      0x0800013a   Section        2  libshutdown2.o(.ARM.Collect$$libshutdown$$00000010)
    .ARM.Collect$$rtentry$$00000000          0x0800013c   Section        0  __rtentry.o(.ARM.Collect$$rtentry$$00000000)
    .ARM.Collect$$rtentry$$00000002          0x0800013c   Section        0  __rtentry2.o(.ARM.Collect$$rtentry$$00000002)
    .ARM.Collect$$rtentry$$00000004          0x0800013c   Section        6  __rtentry4.o(.ARM.Collect$$rtentry$$00000004)
    .ARM.Collect$$rtentry$$00000009          0x08000142   Section        0  __rtentry2.o(.ARM.Collect$$rtentry$$00000009)
    .ARM.Collect$$rtentry$$0000000A          0x08000142   Section        4  __rtentry2.o(.ARM.Collect$$rtentry$$0000000A)
    .ARM.Collect$$rtentry$$0000000C          0x08000146   Section        0  __rtentry2.o(.ARM.Collect$$rtentry$$0000000C)
    .ARM.Collect$$rtentry$$0000000D          0x08000146   Section        8  __rtentry2.o(.ARM.Collect$$rtentry$$0000000D)
    .ARM.Collect$$rtexit$$00000000           0x0800014e   Section        2  rtexit.o(.ARM.Collect$$rtexit$$00000000)
    .ARM.Collect$$rtexit$$00000002           0x08000150   Section        0  rtexit2.o(.ARM.Collect$$rtexit$$00000002)
    .ARM.Collect$$rtexit$$00000003           0x08000150   Section        4  rtexit2.o(.ARM.Collect$$rtexit$$00000003)
    .ARM.Collect$$rtexit$$00000004           0x08000154   Section        6  rtexit2.o(.ARM.Collect$$rtexit$$00000004)
    .text                                    0x0800015c   Section       64  startup_mdr32f9qx.o(.text)
    .text                                    0x0800019c   Section        0  heapauxi.o(.text)
    .text                                    0x080001a2   Section       74  sys_stackheap_outer.o(.text)
    .text                                    0x080001ec   Section        0  exit.o(.text)
    .text                                    0x08000200   Section        8  libspace.o(.text)
    .text                                    0x08000208   Section        0  sys_exit.o(.text)
    .text                                    0x08000214   Section        2  use_no_semi.o(.text)
    .text                                    0x08000216   Section        0  indicate_semi.o(.text)
    i.CLK_init                               0x08000218   Section        0  main.o(i.CLK_init)
    i.PortA_Unit                             0x0800025c   Section        0  main.o(i.PortA_Unit)
    i.PortC_Unit                             0x08000290   Section        0  main.o(i.PortC_Unit)
    i.PortD_Unit                             0x080002c4   Section        0  main.o(i.PortD_Unit)
    i.Sensor_Unit                            0x080002fc   Section        0  main.o(i.Sensor_Unit)
    i.SystemCoreClockUpdate                  0x08000324   Section        0  system_mdr32f9qx.o(i.SystemCoreClockUpdate)
    i.SystemInit                             0x080003b4   Section        0  system_mdr32f9qx.o(i.SystemInit)
    i.UART2_IRQHandler                       0x080003f4   Section        0  main.o(i.UART2_IRQHandler)
    i.UART2_init                             0x080005d4   Section        0  main.o(i.UART2_init)
    i.analyze_input_data                     0x08000670   Section        0  main.o(i.analyze_input_data)
    i.analyze_input_data_v2                  0x08000884   Section        0  main.o(i.analyze_input_data_v2)
    i.buttons_check                          0x08000978   Section        0  main.o(i.buttons_check)
    i.diods                                  0x08000a24   Section        0  main.o(i.diods)
    i.main                                   0x08000bdc   Section        0  main.o(i.main)
    i.read_temperature                       0x08000c70   Section        0  main.o(i.read_temperature)
    i.request_temperature                    0x08000eb8   Section        0  main.o(i.request_temperature)
    i.send_data                              0x080010d4   Section        0  main.o(i.send_data)
    i.send_temperature                       0x080012d0   Section        0  main.o(i.send_temperature)
    x$fpl$dadd                               0x08001400   Section      336  daddsub_clz.o(x$fpl$dadd)
    _dadd1                                   0x08001411   Thumb Code     0  daddsub_clz.o(x$fpl$dadd)
    x$fpl$dcmpinf                            0x08001550   Section       24  dcmpi.o(x$fpl$dcmpinf)
    x$fpl$dflt                               0x08001568   Section       46  dflt_clz.o(x$fpl$dflt)
    x$fpl$dleqf                              0x08001598   Section      120  dleqf.o(x$fpl$dleqf)
    x$fpl$dmul                               0x08001610   Section      340  dmul.o(x$fpl$dmul)
    x$fpl$dnaninf                            0x08001764   Section      156  dnaninf.o(x$fpl$dnaninf)
    x$fpl$dretinf                            0x08001800   Section       12  dretinf.o(x$fpl$dretinf)
    x$fpl$drleqf                             0x0800180c   Section      108  drleqf.o(x$fpl$drleqf)
    x$fpl$dsub                               0x08001878   Section      468  daddsub_clz.o(x$fpl$dsub)
    _dsub1                                   0x08001889   Thumb Code     0  daddsub_clz.o(x$fpl$dsub)
    x$fpl$usenofp                            0x08001a4c   Section        0  usenofp.o(x$fpl$usenofp)
    .data                                    0x20000000   Section      132  main.o(.data)
    .data                                    0x20000084   Section        4  system_mdr32f9qx.o(.data)
    .bss                                     0x20000088   Section       96  libspace.o(.bss)
    HEAP                                     0x200000e8   Section      512  startup_mdr32f9qx.o(HEAP)
    Heap_Mem                                 0x200000e8   Data         512  startup_mdr32f9qx.o(HEAP)
    STACK                                    0x200002e8   Section     1024  startup_mdr32f9qx.o(STACK)
    Stack_Mem                                0x200002e8   Data        1024  startup_mdr32f9qx.o(STACK)
    __initial_sp                             0x200006e8   Data           0  startup_mdr32f9qx.o(STACK)

    Global Symbols

    Symbol Name                              Value     Ov Type        Size  Object(Section)

    BuildAttributes$$THM_ISAv4$P$D$K$B$S$PE$A:L22UL41UL21$X:L11$S22US41US21$IEEE1$IW$USESV6$~STKCKD$USESV7$~SHL$OSPACE$ROPI$EBA8$UX$STANDARDLIB$REQ8$PRES8$EABIv2 0x00000000   Number         0  anon$$obj.o ABSOLUTE
    __ARM_use_no_argv                        0x00000000   Number         0  main.o ABSOLUTE
    __ARM_exceptions_init                     - Undefined Weak Reference
    __alloca_initialize                       - Undefined Weak Reference
    __arm_preinit_                            - Undefined Weak Reference
    __cpp_initialize__aeabi_                  - Undefined Weak Reference
    __cxa_finalize                            - Undefined Weak Reference
    __rt_locale                               - Undefined Weak Reference
    __sigvec_lookup                           - Undefined Weak Reference
    _atexit_init                              - Undefined Weak Reference
    _call_atexit_fns                          - Undefined Weak Reference
    _clock_init                               - Undefined Weak Reference
    _fp_trap_init                             - Undefined Weak Reference
    _fp_trap_shutdown                         - Undefined Weak Reference
    _get_lc_collate                           - Undefined Weak Reference
    _get_lc_ctype                             - Undefined Weak Reference
    _get_lc_monetary                          - Undefined Weak Reference
    _get_lc_numeric                           - Undefined Weak Reference
    _get_lc_time                              - Undefined Weak Reference
    _getenv_init                              - Undefined Weak Reference
    _handle_redirection                       - Undefined Weak Reference
    _init_alloc                               - Undefined Weak Reference
    _init_user_alloc                          - Undefined Weak Reference
    _initio                                   - Undefined Weak Reference
    _rand_init                                - Undefined Weak Reference
    _signal_finish                            - Undefined Weak Reference
    _signal_init                              - Undefined Weak Reference
    _terminate_alloc                          - Undefined Weak Reference
    _terminate_user_alloc                     - Undefined Weak Reference
    _terminateio                              - Undefined Weak Reference
    __Vectors_Size                           0x000000c0   Number         0  startup_mdr32f9qx.o ABSOLUTE
    __Vectors                                0x08000000   Data           4  startup_mdr32f9qx.o(RESET)
    __Vectors_End                            0x080000c0   Data           0  startup_mdr32f9qx.o(RESET)
    __main                                   0x080000c1   Thumb Code     8  __main.o(!!!main)
    __scatterload                            0x080000c9   Thumb Code     0  __scatter.o(!!!scatter)
    __scatterload_rt2                        0x080000c9   Thumb Code    44  __scatter.o(!!!scatter)
    __scatterload_rt2_thumb_only             0x080000c9   Thumb Code     0  __scatter.o(!!!scatter)
    __scatterload_null                       0x080000d7   Thumb Code     0  __scatter.o(!!!scatter)
    __scatterload_copy                       0x080000fd   Thumb Code    26  __scatter_copy.o(!!handler_copy)
    __scatterload_zeroinit                   0x08000119   Thumb Code    28  __scatter_zi.o(!!handler_zi)
    __rt_lib_init                            0x08000135   Thumb Code     0  libinit.o(.ARM.Collect$$libinit$$00000000)
    __rt_lib_init_alloca_1                   0x08000137   Thumb Code     0  libinit2.o(.ARM.Collect$$libinit$$0000002E)
    __rt_lib_init_argv_1                     0x08000137   Thumb Code     0  libinit2.o(.ARM.Collect$$libinit$$0000002C)
    __rt_lib_init_atexit_1                   0x08000137   Thumb Code     0  libinit2.o(.ARM.Collect$$libinit$$0000001B)
    __rt_lib_init_clock_1                    0x08000137   Thumb Code     0  libinit2.o(.ARM.Collect$$libinit$$00000021)
    __rt_lib_init_cpp_1                      0x08000137   Thumb Code     0  libinit2.o(.ARM.Collect$$libinit$$00000032)
    __rt_lib_init_exceptions_1               0x08000137   Thumb Code     0  libinit2.o(.ARM.Collect$$libinit$$00000030)
    __rt_lib_init_fp_1                       0x08000137   Thumb Code     0  libinit2.o(.ARM.Collect$$libinit$$00000002)
    __rt_lib_init_fp_trap_1                  0x08000137   Thumb Code     0  libinit2.o(.ARM.Collect$$libinit$$0000001F)
    __rt_lib_init_getenv_1                   0x08000137   Thumb Code     0  libinit2.o(.ARM.Collect$$libinit$$00000023)
    __rt_lib_init_heap_1                     0x08000137   Thumb Code     0  libinit2.o(.ARM.Collect$$libinit$$0000000A)
    __rt_lib_init_lc_collate_1               0x08000137   Thumb Code     0  libinit2.o(.ARM.Collect$$libinit$$00000011)
    __rt_lib_init_lc_ctype_1                 0x08000137   Thumb Code     0  libinit2.o(.ARM.Collect$$libinit$$00000013)
    __rt_lib_init_lc_monetary_1              0x08000137   Thumb Code     0  libinit2.o(.ARM.Collect$$libinit$$00000015)
    __rt_lib_init_lc_numeric_1               0x08000137   Thumb Code     0  libinit2.o(.ARM.Collect$$libinit$$00000017)
    __rt_lib_init_lc_time_1                  0x08000137   Thumb Code     0  libinit2.o(.ARM.Collect$$libinit$$00000019)
    __rt_lib_init_preinit_1                  0x08000137   Thumb Code     0  libinit2.o(.ARM.Collect$$libinit$$00000004)
    __rt_lib_init_rand_1                     0x08000137   Thumb Code     0  libinit2.o(.ARM.Collect$$libinit$$0000000E)
    __rt_lib_init_return                     0x08000137   Thumb Code     0  libinit2.o(.ARM.Collect$$libinit$$00000033)
    __rt_lib_init_signal_1                   0x08000137   Thumb Code     0  libinit2.o(.ARM.Collect$$libinit$$0000001D)
    __rt_lib_init_stdio_1                    0x08000137   Thumb Code     0  libinit2.o(.ARM.Collect$$libinit$$00000025)
    __rt_lib_init_user_alloc_1               0x08000137   Thumb Code     0  libinit2.o(.ARM.Collect$$libinit$$0000000C)
    __rt_lib_shutdown                        0x08000139   Thumb Code     0  libshutdown.o(.ARM.Collect$$libshutdown$$00000000)
    __rt_lib_shutdown_cpp_1                  0x0800013b   Thumb Code     0  libshutdown2.o(.ARM.Collect$$libshutdown$$00000002)
    __rt_lib_shutdown_fp_trap_1              0x0800013b   Thumb Code     0  libshutdown2.o(.ARM.Collect$$libshutdown$$00000007)
    __rt_lib_shutdown_heap_1                 0x0800013b   Thumb Code     0  libshutdown2.o(.ARM.Collect$$libshutdown$$0000000F)
    __rt_lib_shutdown_return                 0x0800013b   Thumb Code     0  libshutdown2.o(.ARM.Collect$$libshutdown$$00000010)
    __rt_lib_shutdown_signal_1               0x0800013b   Thumb Code     0  libshutdown2.o(.ARM.Collect$$libshutdown$$0000000A)
    __rt_lib_shutdown_stdio_1                0x0800013b   Thumb Code     0  libshutdown2.o(.ARM.Collect$$libshutdown$$00000004)
    __rt_lib_shutdown_user_alloc_1           0x0800013b   Thumb Code     0  libshutdown2.o(.ARM.Collect$$libshutdown$$0000000C)
    __rt_entry                               0x0800013d   Thumb Code     0  __rtentry.o(.ARM.Collect$$rtentry$$00000000)
    __rt_entry_presh_1                       0x0800013d   Thumb Code     0  __rtentry2.o(.ARM.Collect$$rtentry$$00000002)
    __rt_entry_sh                            0x0800013d   Thumb Code     0  __rtentry4.o(.ARM.Collect$$rtentry$$00000004)
    __rt_entry_li                            0x08000143   Thumb Code     0  __rtentry2.o(.ARM.Collect$$rtentry$$0000000A)
    __rt_entry_postsh_1                      0x08000143   Thumb Code     0  __rtentry2.o(.ARM.Collect$$rtentry$$00000009)
    __rt_entry_main                          0x08000147   Thumb Code     0  __rtentry2.o(.ARM.Collect$$rtentry$$0000000D)
    __rt_entry_postli_1                      0x08000147   Thumb Code     0  __rtentry2.o(.ARM.Collect$$rtentry$$0000000C)
    __rt_exit                                0x0800014f   Thumb Code     0  rtexit.o(.ARM.Collect$$rtexit$$00000000)
    __rt_exit_ls                             0x08000151   Thumb Code     0  rtexit2.o(.ARM.Collect$$rtexit$$00000003)
    __rt_exit_prels_1                        0x08000151   Thumb Code     0  rtexit2.o(.ARM.Collect$$rtexit$$00000002)
    __rt_exit_exit                           0x08000155   Thumb Code     0  rtexit2.o(.ARM.Collect$$rtexit$$00000004)
    Reset_Handler                            0x0800015d   Thumb Code     8  startup_mdr32f9qx.o(.text)
    NMI_Handler                              0x08000165   Thumb Code     2  startup_mdr32f9qx.o(.text)
    HardFault_Handler                        0x08000167   Thumb Code     2  startup_mdr32f9qx.o(.text)
    MemManage_Handler                        0x08000169   Thumb Code     2  startup_mdr32f9qx.o(.text)
    BusFault_Handler                         0x0800016b   Thumb Code     2  startup_mdr32f9qx.o(.text)
    UsageFault_Handler                       0x0800016d   Thumb Code     2  startup_mdr32f9qx.o(.text)
    SVC_Handler                              0x0800016f   Thumb Code     2  startup_mdr32f9qx.o(.text)
    DebugMon_Handler                         0x08000171   Thumb Code     2  startup_mdr32f9qx.o(.text)
    PendSV_Handler                           0x08000173   Thumb Code     2  startup_mdr32f9qx.o(.text)
    SysTick_Handler                          0x08000175   Thumb Code     2  startup_mdr32f9qx.o(.text)
    ADC_IRQHandler                           0x08000177   Thumb Code     0  startup_mdr32f9qx.o(.text)
    BACKUP_IRQHandler                        0x08000177   Thumb Code     0  startup_mdr32f9qx.o(.text)
    CAN1_IRQHandler                          0x08000177   Thumb Code     0  startup_mdr32f9qx.o(.text)
    CAN2_IRQHandler                          0x08000177   Thumb Code     0  startup_mdr32f9qx.o(.text)
    COMPARATOR_IRQHandler                    0x08000177   Thumb Code     0  startup_mdr32f9qx.o(.text)
    DMA_IRQHandler                           0x08000177   Thumb Code     0  startup_mdr32f9qx.o(.text)
    EXT_INT1_IRQHandler                      0x08000177   Thumb Code     0  startup_mdr32f9qx.o(.text)
    EXT_INT2_IRQHandler                      0x08000177   Thumb Code     0  startup_mdr32f9qx.o(.text)
    EXT_INT3_IRQHandler                      0x08000177   Thumb Code     0  startup_mdr32f9qx.o(.text)
    EXT_INT4_IRQHandler                      0x08000177   Thumb Code     0  startup_mdr32f9qx.o(.text)
    I2C_IRQHandler                           0x08000177   Thumb Code     0  startup_mdr32f9qx.o(.text)
    POWER_IRQHandler                         0x08000177   Thumb Code     0  startup_mdr32f9qx.o(.text)
    SSP1_IRQHandler                          0x08000177   Thumb Code     0  startup_mdr32f9qx.o(.text)
    SSP2_IRQHandler                          0x08000177   Thumb Code     0  startup_mdr32f9qx.o(.text)
    Timer1_IRQHandler                        0x08000177   Thumb Code     0  startup_mdr32f9qx.o(.text)
    Timer2_IRQHandler                        0x08000177   Thumb Code     0  startup_mdr32f9qx.o(.text)
    Timer3_IRQHandler                        0x08000177   Thumb Code     0  startup_mdr32f9qx.o(.text)
    UART1_IRQHandler                         0x08000177   Thumb Code     0  startup_mdr32f9qx.o(.text)
    USB_IRQHandler                           0x08000177   Thumb Code     0  startup_mdr32f9qx.o(.text)
    WWDG_IRQHandler                          0x08000177   Thumb Code     0  startup_mdr32f9qx.o(.text)
    __user_initial_stackheap                 0x08000179   Thumb Code     0  startup_mdr32f9qx.o(.text)
    __use_two_region_memory                  0x0800019d   Thumb Code     2  heapauxi.o(.text)
    __rt_heap_escrow$2region                 0x0800019f   Thumb Code     2  heapauxi.o(.text)
    __rt_heap_expand$2region                 0x080001a1   Thumb Code     2  heapauxi.o(.text)
    __user_setup_stackheap                   0x080001a3   Thumb Code    74  sys_stackheap_outer.o(.text)
    exit                                     0x080001ed   Thumb Code    18  exit.o(.text)
    __user_libspace                          0x08000201   Thumb Code     8  libspace.o(.text)
    __user_perproc_libspace                  0x08000201   Thumb Code     0  libspace.o(.text)
    __user_perthread_libspace                0x08000201   Thumb Code     0  libspace.o(.text)
    _sys_exit                                0x08000209   Thumb Code     8  sys_exit.o(.text)
    __I$use$semihosting                      0x08000215   Thumb Code     0  use_no_semi.o(.text)
    __use_no_semihosting_swi                 0x08000215   Thumb Code     2  use_no_semi.o(.text)
    __semihosting_library_function           0x08000217   Thumb Code     0  indicate_semi.o(.text)
    CLK_init                                 0x08000219   Thumb Code    62  main.o(i.CLK_init)
    PortA_Unit                               0x0800025d   Thumb Code    42  main.o(i.PortA_Unit)
    PortC_Unit                               0x08000291   Thumb Code    44  main.o(i.PortC_Unit)
    PortD_Unit                               0x080002c5   Thumb Code    46  main.o(i.PortD_Unit)
    Sensor_Unit                              0x080002fd   Thumb Code    34  main.o(i.Sensor_Unit)
    SystemCoreClockUpdate                    0x08000325   Thumb Code   130  system_mdr32f9qx.o(i.SystemCoreClockUpdate)
    SystemInit                               0x080003b5   Thumb Code    54  system_mdr32f9qx.o(i.SystemInit)
    UART2_IRQHandler                         0x080003f5   Thumb Code   414  main.o(i.UART2_IRQHandler)
    UART2_init                               0x080005d5   Thumb Code   132  main.o(i.UART2_init)
    analyze_input_data                       0x08000671   Thumb Code   494  main.o(i.analyze_input_data)
    analyze_input_data_v2                    0x08000885   Thumb Code   200  main.o(i.analyze_input_data_v2)
    buttons_check                            0x08000979   Thumb Code   138  main.o(i.buttons_check)
    diods                                    0x08000a25   Thumb Code   424  main.o(i.diods)
    main                                     0x08000bdd   Thumb Code   120  main.o(i.main)
    read_temperature                         0x08000c71   Thumb Code   564  main.o(i.read_temperature)
    request_temperature                      0x08000eb9   Thumb Code   522  main.o(i.request_temperature)
    send_data                                0x080010d5   Thumb Code   434  main.o(i.send_data)
    send_temperature                         0x080012d1   Thumb Code   260  main.o(i.send_temperature)
    __aeabi_dadd                             0x08001401   Thumb Code     0  daddsub_clz.o(x$fpl$dadd)
    _dadd                                    0x08001401   Thumb Code   332  daddsub_clz.o(x$fpl$dadd)
    __fpl_dcmp_Inf                           0x08001551   Thumb Code    24  dcmpi.o(x$fpl$dcmpinf)
    __aeabi_i2d                              0x08001569   Thumb Code     0  dflt_clz.o(x$fpl$dflt)
    _dflt                                    0x08001569   Thumb Code    46  dflt_clz.o(x$fpl$dflt)
    __aeabi_cdcmple                          0x08001599   Thumb Code     0  dleqf.o(x$fpl$dleqf)
    _dcmple                                  0x08001599   Thumb Code   120  dleqf.o(x$fpl$dleqf)
    __fpl_dcmple_InfNaN                      0x080015fb   Thumb Code     0  dleqf.o(x$fpl$dleqf)
    __aeabi_dmul                             0x08001611   Thumb Code     0  dmul.o(x$fpl$dmul)
    _dmul                                    0x08001611   Thumb Code   332  dmul.o(x$fpl$dmul)
    __fpl_dnaninf                            0x08001765   Thumb Code   156  dnaninf.o(x$fpl$dnaninf)
    __fpl_dretinf                            0x08001801   Thumb Code    12  dretinf.o(x$fpl$dretinf)
    __aeabi_cdrcmple                         0x0800180d   Thumb Code     0  drleqf.o(x$fpl$drleqf)
    _drcmple                                 0x0800180d   Thumb Code   108  drleqf.o(x$fpl$drleqf)
    __aeabi_dsub                             0x08001879   Thumb Code     0  daddsub_clz.o(x$fpl$dsub)
    _dsub                                    0x08001879   Thumb Code   464  daddsub_clz.o(x$fpl$dsub)
    Region$$Table$$Base                      0x08001a4c   Number         0  anon$$obj.o(Region$$Table)
    __I$use$fp                               0x08001a4c   Number         0  usenofp.o(x$fpl$usenofp)
    Region$$Table$$Limit                     0x08001a6c   Number         0  anon$$obj.o(Region$$Table)
    i                                        0x20000000   Data           4  main.o(.data)
    j                                        0x20000004   Data           4  main.o(.data)
    k                                        0x20000008   Data           4  main.o(.data)
    count                                    0x2000000c   Data           4  main.o(.data)
    control_summ                             0x20000010   Data           4  main.o(.data)
    flag_c_s                                 0x20000014   Data           4  main.o(.data)
    b_1                                      0x20000018   Data           4  main.o(.data)
    b_2                                      0x2000001c   Data           4  main.o(.data)
    b_3                                      0x20000020   Data           4  main.o(.data)
    b_4                                      0x20000024   Data           4  main.o(.data)
    b_5                                      0x20000028   Data           4  main.o(.data)
    b_6                                      0x2000002c   Data           4  main.o(.data)
    b_7                                      0x20000030   Data           4  main.o(.data)
    flag_a_i_d                               0x20000034   Data           4  main.o(.data)
    flag_a_i_d_v2                            0x20000038   Data           4  main.o(.data)
    flag__read_temp_sensor                   0x2000003c   Data           4  main.o(.data)
    flag__request_temp_sensor                0x20000040   Data           4  main.o(.data)
    data_PC                                  0x20000044   Data           2  main.o(.data)
    data_PA                                  0x20000046   Data           2  main.o(.data)
    Port_A_C_byte                            0x20000048   Data           4  main.o(.data)
    out_c_s                                  0x2000004c   Data           4  main.o(.data)
    out_b_1                                  0x20000050   Data           4  main.o(.data)
    out_b_2                                  0x20000054   Data           4  main.o(.data)
    out_b_3                                  0x20000058   Data           4  main.o(.data)
    out_b_4                                  0x2000005c   Data           4  main.o(.data)
    out_b_5                                  0x20000060   Data           4  main.o(.data)
    out_b_6                                  0x20000064   Data           4  main.o(.data)
    out_b_7                                  0x20000068   Data           4  main.o(.data)
    temperature                              0x2000006c   Data           2  main.o(.data)
    temperature_tmp                          0x2000006e   Data           2  main.o(.data)
    input_C                                  0x20000070   Data           2  main.o(.data)
    koef                                     0x20000078   Data           8  main.o(.data)
    flag_diod                                0x20000080   Data           4  main.o(.data)
    SystemCoreClock                          0x20000084   Data           4  system_mdr32f9qx.o(.data)
    __libspace_start                         0x20000088   Data          96  libspace.o(.bss)
    __temporary_stack_top$libspace           0x200000e8   Data           0  libspace.o(.bss)



==============================================================================

Memory Map of the image

  Image Entry point : 0x0800015d

  Load Region LR_1 (Base: 0x08000000, Size: 0x00001af4, Max: 0xffffffff, ABSOLUTE)

    Execution Region ER_RO (Base: 0x08000000, Size: 0x00001a6c, Max: 0xffffffff, ABSOLUTE)

    Base Addr    Size         Type   Attr      Idx    E Section Name        Object

    0x08000000   0x000000c0   Data   RO          151    RESET               startup_mdr32f9qx.o
    0x080000c0   0x00000008   Code   RO          601  * !!!main             c_w.l(__main.o)
    0x080000c8   0x00000034   Code   RO          783    !!!scatter          c_w.l(__scatter.o)
    0x080000fc   0x0000001a   Code   RO          785    !!handler_copy      c_w.l(__scatter_copy.o)
    0x08000116   0x00000002   PAD
    0x08000118   0x0000001c   Code   RO          787    !!handler_zi        c_w.l(__scatter_zi.o)
    0x08000134   0x00000002   Code   RO          653    .ARM.Collect$$libinit$$00000000  c_w.l(libinit.o)
    0x08000136   0x00000000   Code   RO          660    .ARM.Collect$$libinit$$00000002  c_w.l(libinit2.o)
    0x08000136   0x00000000   Code   RO          662    .ARM.Collect$$libinit$$00000004  c_w.l(libinit2.o)
    0x08000136   0x00000000   Code   RO          665    .ARM.Collect$$libinit$$0000000A  c_w.l(libinit2.o)
    0x08000136   0x00000000   Code   RO          667    .ARM.Collect$$libinit$$0000000C  c_w.l(libinit2.o)
    0x08000136   0x00000000   Code   RO          669    .ARM.Collect$$libinit$$0000000E  c_w.l(libinit2.o)
    0x08000136   0x00000000   Code   RO          672    .ARM.Collect$$libinit$$00000011  c_w.l(libinit2.o)
    0x08000136   0x00000000   Code   RO          674    .ARM.Collect$$libinit$$00000013  c_w.l(libinit2.o)
    0x08000136   0x00000000   Code   RO          676    .ARM.Collect$$libinit$$00000015  c_w.l(libinit2.o)
    0x08000136   0x00000000   Code   RO          678    .ARM.Collect$$libinit$$00000017  c_w.l(libinit2.o)
    0x08000136   0x00000000   Code   RO          680    .ARM.Collect$$libinit$$00000019  c_w.l(libinit2.o)
    0x08000136   0x00000000   Code   RO          682    .ARM.Collect$$libinit$$0000001B  c_w.l(libinit2.o)
    0x08000136   0x00000000   Code   RO          684    .ARM.Collect$$libinit$$0000001D  c_w.l(libinit2.o)
    0x08000136   0x00000000   Code   RO          686    .ARM.Collect$$libinit$$0000001F  c_w.l(libinit2.o)
    0x08000136   0x00000000   Code   RO          688    .ARM.Collect$$libinit$$00000021  c_w.l(libinit2.o)
    0x08000136   0x00000000   Code   RO          690    .ARM.Collect$$libinit$$00000023  c_w.l(libinit2.o)
    0x08000136   0x00000000   Code   RO          692    .ARM.Collect$$libinit$$00000025  c_w.l(libinit2.o)
    0x08000136   0x00000000   Code   RO          696    .ARM.Collect$$libinit$$0000002C  c_w.l(libinit2.o)
    0x08000136   0x00000000   Code   RO          698    .ARM.Collect$$libinit$$0000002E  c_w.l(libinit2.o)
    0x08000136   0x00000000   Code   RO          700    .ARM.Collect$$libinit$$00000030  c_w.l(libinit2.o)
    0x08000136   0x00000000   Code   RO          702    .ARM.Collect$$libinit$$00000032  c_w.l(libinit2.o)
    0x08000136   0x00000002   Code   RO          703    .ARM.Collect$$libinit$$00000033  c_w.l(libinit2.o)
    0x08000138   0x00000002   Code   RO          723    .ARM.Collect$$libshutdown$$00000000  c_w.l(libshutdown.o)
    0x0800013a   0x00000000   Code   RO          736    .ARM.Collect$$libshutdown$$00000002  c_w.l(libshutdown2.o)
    0x0800013a   0x00000000   Code   RO          738    .ARM.Collect$$libshutdown$$00000004  c_w.l(libshutdown2.o)
    0x0800013a   0x00000000   Code   RO          741    .ARM.Collect$$libshutdown$$00000007  c_w.l(libshutdown2.o)
    0x0800013a   0x00000000   Code   RO          744    .ARM.Collect$$libshutdown$$0000000A  c_w.l(libshutdown2.o)
    0x0800013a   0x00000000   Code   RO          746    .ARM.Collect$$libshutdown$$0000000C  c_w.l(libshutdown2.o)
    0x0800013a   0x00000000   Code   RO          749    .ARM.Collect$$libshutdown$$0000000F  c_w.l(libshutdown2.o)
    0x0800013a   0x00000002   Code   RO          750    .ARM.Collect$$libshutdown$$00000010  c_w.l(libshutdown2.o)
    0x0800013c   0x00000000   Code   RO          621    .ARM.Collect$$rtentry$$00000000  c_w.l(__rtentry.o)
    0x0800013c   0x00000000   Code   RO          630    .ARM.Collect$$rtentry$$00000002  c_w.l(__rtentry2.o)
    0x0800013c   0x00000006   Code   RO          642    .ARM.Collect$$rtentry$$00000004  c_w.l(__rtentry4.o)
    0x08000142   0x00000000   Code   RO          632    .ARM.Collect$$rtentry$$00000009  c_w.l(__rtentry2.o)
    0x08000142   0x00000004   Code   RO          633    .ARM.Collect$$rtentry$$0000000A  c_w.l(__rtentry2.o)
    0x08000146   0x00000000   Code   RO          635    .ARM.Collect$$rtentry$$0000000C  c_w.l(__rtentry2.o)
    0x08000146   0x00000008   Code   RO          636    .ARM.Collect$$rtentry$$0000000D  c_w.l(__rtentry2.o)
    0x0800014e   0x00000002   Code   RO          657    .ARM.Collect$$rtexit$$00000000  c_w.l(rtexit.o)
    0x08000150   0x00000000   Code   RO          705    .ARM.Collect$$rtexit$$00000002  c_w.l(rtexit2.o)
    0x08000150   0x00000004   Code   RO          706    .ARM.Collect$$rtexit$$00000003  c_w.l(rtexit2.o)
    0x08000154   0x00000006   Code   RO          707    .ARM.Collect$$rtexit$$00000004  c_w.l(rtexit2.o)
    0x0800015a   0x00000002   PAD
    0x0800015c   0x00000040   Code   RO          152  * .text               startup_mdr32f9qx.o
    0x0800019c   0x00000006   Code   RO          599    .text               c_w.l(heapauxi.o)
    0x080001a2   0x0000004a   Code   RO          644    .text               c_w.l(sys_stackheap_outer.o)
    0x080001ec   0x00000012   Code   RO          646    .text               c_w.l(exit.o)
    0x080001fe   0x00000002   PAD
    0x08000200   0x00000008   Code   RO          654    .text               c_w.l(libspace.o)
    0x08000208   0x0000000c   Code   RO          715    .text               c_w.l(sys_exit.o)
    0x08000214   0x00000002   Code   RO          726    .text               c_w.l(use_no_semi.o)
    0x08000216   0x00000000   Code   RO          728    .text               c_w.l(indicate_semi.o)
    0x08000216   0x00000002   PAD
    0x08000218   0x00000044   Code   RO            3    i.CLK_init          main.o
    0x0800025c   0x00000034   Code   RO            4    i.PortA_Unit        main.o
    0x08000290   0x00000034   Code   RO            5    i.PortC_Unit        main.o
    0x080002c4   0x00000038   Code   RO            6    i.PortD_Unit        main.o
    0x080002fc   0x00000028   Code   RO            7    i.Sensor_Unit       main.o
    0x08000324   0x00000090   Code   RO          158    i.SystemCoreClockUpdate  system_mdr32f9qx.o
    0x080003b4   0x00000040   Code   RO          159    i.SystemInit        system_mdr32f9qx.o
    0x080003f4   0x000001e0   Code   RO            8    i.UART2_IRQHandler  main.o
    0x080005d4   0x0000009c   Code   RO            9    i.UART2_init        main.o
    0x08000670   0x00000214   Code   RO           10    i.analyze_input_data  main.o
    0x08000884   0x000000f4   Code   RO           11    i.analyze_input_data_v2  main.o
    0x08000978   0x000000ac   Code   RO           12    i.buttons_check     main.o
    0x08000a24   0x000001b8   Code   RO           13    i.diods             main.o
    0x08000bdc   0x00000094   Code   RO           14    i.main              main.o
    0x08000c70   0x00000248   Code   RO           15    i.read_temperature  main.o
    0x08000eb8   0x0000021c   Code   RO           16    i.request_temperature  main.o
    0x080010d4   0x000001fc   Code   RO           17    i.send_data         main.o
    0x080012d0   0x00000130   Code   RO           18    i.send_temperature  main.o
    0x08001400   0x00000150   Code   RO          603    x$fpl$dadd          fz_ws.l(daddsub_clz.o)
    0x08001550   0x00000018   Code   RO          622    x$fpl$dcmpinf       fz_ws.l(dcmpi.o)
    0x08001568   0x0000002e   Code   RO          610    x$fpl$dflt          fz_ws.l(dflt_clz.o)
    0x08001596   0x00000002   PAD
    0x08001598   0x00000078   Code   RO          615    x$fpl$dleqf         fz_ws.l(dleqf.o)
    0x08001610   0x00000154   Code   RO          617    x$fpl$dmul          fz_ws.l(dmul.o)
    0x08001764   0x0000009c   Code   RO          624    x$fpl$dnaninf       fz_ws.l(dnaninf.o)
    0x08001800   0x0000000c   Code   RO          626    x$fpl$dretinf       fz_ws.l(dretinf.o)
    0x0800180c   0x0000006c   Code   RO          619    x$fpl$drleqf        fz_ws.l(drleqf.o)
    0x08001878   0x000001d4   Code   RO          605    x$fpl$dsub          fz_ws.l(daddsub_clz.o)
    0x08001a4c   0x00000000   Code   RO          628    x$fpl$usenofp       fz_ws.l(usenofp.o)
    0x08001a4c   0x00000020   Data   RO          781    Region$$Table       anon$$obj.o


    Execution Region ER_RW (Base: 0x20000000, Size: 0x00000088, Max: 0xffffffff, ABSOLUTE)

    Base Addr    Size         Type   Attr      Idx    E Section Name        Object

    0x20000000   0x00000084   Data   RW           19    .data               main.o
    0x20000084   0x00000004   Data   RW          160    .data               system_mdr32f9qx.o


    Execution Region ER_ZI (Base: 0x20000088, Size: 0x00000660, Max: 0xffffffff, ABSOLUTE)

    Base Addr    Size         Type   Attr      Idx    E Section Name        Object

    0x20000088   0x00000060   Zero   RW          655    .bss                c_w.l(libspace.o)
    0x200000e8   0x00000200   Zero   RW          150    HEAP                startup_mdr32f9qx.o
    0x200002e8   0x00000400   Zero   RW          149    STACK               startup_mdr32f9qx.o


==============================================================================

Image component sizes


      Code (inc. data)   RO Data    RW Data    ZI Data      Debug   Object Name

      4376        446          0        132          0      83314   main.o
        64         26        192          0       1536        772   startup_mdr32f9qx.o
       208         24          0          4          0       1271   system_mdr32f9qx.o

    ----------------------------------------------------------------------
      4648        496        224        136       1536      85357   Object Totals
         0          0         32          0          0          0   (incl. Generated)
         0          0          0          0          0          0   (incl. Padding)

    ----------------------------------------------------------------------

      Code (inc. data)   RO Data    RW Data    ZI Data      Debug   Library Member Name

         8          0          0          0          0         68   __main.o
         0          0          0          0          0          0   __rtentry.o
        12          0          0          0          0          0   __rtentry2.o
         6          0          0          0          0          0   __rtentry4.o
        52          8          0          0          0          0   __scatter.o
        26          0          0          0          0          0   __scatter_copy.o
        28          0          0          0          0          0   __scatter_zi.o
        18          0          0          0          0         80   exit.o
         6          0          0          0          0        152   heapauxi.o
         0          0          0          0          0          0   indicate_semi.o
         2          0          0          0          0          0   libinit.o
         2          0          0          0          0          0   libinit2.o
         2          0          0          0          0          0   libshutdown.o
         2          0          0          0          0          0   libshutdown2.o
         8          4          0          0         96         68   libspace.o
         2          0          0          0          0          0   rtexit.o
        10          0          0          0          0          0   rtexit2.o
        12          4          0          0          0         68   sys_exit.o
        74          0          0          0          0         80   sys_stackheap_outer.o
         2          0          0          0          0         68   use_no_semi.o
       804         16          0          0          0        272   daddsub_clz.o
        24          0          0          0          0         68   dcmpi.o
        46          0          0          0          0         68   dflt_clz.o
       120          4          0          0          0         92   dleqf.o
       340         12          0          0          0        104   dmul.o
       156          4          0          0          0         92   dnaninf.o
        12          0          0          0          0         68   dretinf.o
       108          0          0          0          0         80   drleqf.o
         0          0          0          0          0          0   usenofp.o

    ----------------------------------------------------------------------
      1892         52          0          0         96       1428   Library Totals
        10          0          0          0          0          0   (incl. Padding)

    ----------------------------------------------------------------------

      Code (inc. data)   RO Data    RW Data    ZI Data      Debug   Library Name

       272         16          0          0         96        584   c_w.l
      1610         36          0          0          0        844   fz_ws.l

    ----------------------------------------------------------------------
      1892         52          0          0         96       1428   Library Totals

    ----------------------------------------------------------------------

==============================================================================


      Code (inc. data)   RO Data    RW Data    ZI Data      Debug   

      6540        548        224        136       1632      85325   Grand Totals
      6540        548        224        136       1632      85325   ELF Image Totals
      6540        548        224        136          0          0   ROM Totals

==============================================================================

    Total RO  Size (Code + RO Data)                 6764 (   6.61kB)
    Total RW  Size (RW Data + ZI Data)              1768 (   1.73kB)
    Total ROM Size (Code + RO Data + RW Data)       6900 (   6.74kB)

==============================================================================

